// Jest Snapshot v1, https://goo.gl/fbAQLP

exports[`matches snapshot 1`] = `
<DocumentFragment>
  <div>
    <h2>
      Hi there, testuser! This is where you create and edit your profile.
    </h2>
    <h3>
      Profile
    </h3>
    <form>
      <div>
        <label>
          Bio
        </label>
        <div>
          <textarea />
          <p>
            Maximum length: 200
            <br />
            0/200
          </p>
        </div>
      </div>
      <div>
        <label>
          Location
        </label>
        <div>
          <textarea />
          <p>
            Maximum length: 100
            <br />
            0/100
          </p>
        </div>
      </div>
      <div>
        <label>
          Favorite state to travel to
        </label>
        <div>
          <textarea />
          <p>
            Maximum length: 100
            <br />
            0/100
          </p>
        </div>
      </div>
      <div>
        <label>
          Profile Photo
        </label>
        <input
          name="profilePhoto"
          value=""
        />
      </div>
      <button
        class="btn btn-primary btn-block mt-4"
      >
        Save Changes
      </button>
    </form>
  </div>
</DocumentFragment>
`;
