// Jest Snapshot v1, https://goo.gl/fbAQLP

exports[`matches snapshot 1`] = `
<DocumentFragment>
  <div>
    <div
      class="container text-center"
      id="app-name"
    >
      <h1>
        NATIONAL SCENIC BYWAYS
      </h1>
    </div>
    <h4>
      Sorry, no results found.
    </h4>
    <div
      class="gallery"
    >
      <figure
        class="gallery__item gallery__item--1"
      >
        <img
          alt=""
          class="gallery__img"
          src=""
        />
      </figure>
      <figure
        class="gallery__item gallery__item--2"
      >
        <img
          alt=""
          class="gallery__img"
          src=""
        />
      </figure>
      <figure
        class="gallery__item gallery__item--3"
      >
        <img
          alt=""
          class="gallery__img"
          src=""
        />
      </figure>
      <figure
        class="gallery__item gallery__item--4"
      >
        <img
          alt=""
          class="gallery__img"
          src=""
        />
      </figure>
      <figure
        class="gallery__item gallery__item--5"
      >
        <img
          alt=""
          class="gallery__img"
          src=""
        />
      </figure>
      <figure
        class="gallery__item gallery__item--6"
      >
        <img
          alt=""
          class="gallery__img"
          src=""
        />
      </figure>
    </div>
  </div>
</DocumentFragment>
`;
