// Jest Snapshot v1, https://goo.gl/fbAQLP

exports[`matches snapshot 1`] = `
<DocumentFragment>
  <div>
    <div
      class="link"
    >
      <a
        href="/designations-explanation"
      >
        What are these?
      </a>
    </div>
    <div
      class="form-check form-check-inline"
    >
      <div>
        <input
          class="form-check-input"
          id="flexCheckDefault"
          name="All-American Road"
          type="checkbox"
          value="All-American Road"
        />
        <label>
          All-American Road
        </label>
      </div>
    </div>
    <div
      class="form-check form-check-inline"
    >
      <div>
        <input
          class="form-check-input"
          id="flexCheckDefault"
          name="National Scenic Byway"
          type="checkbox"
          value="National Scenic Byway"
        />
        <label>
          National Scenic Byway
        </label>
      </div>
    </div>
  </div>
</DocumentFragment>
`;
