// Jest Snapshot v1, https://goo.gl/fbAQLP

exports[`matches snapshot 1`] = `
<DocumentFragment>
  <div>
    <div
      class="single-checkbox"
    >
      <label
        for="canyon"
      >
        canyon
      </label>
      <div>
        <label>
          <input
            name="canyon"
            type="checkbox"
            value="canyon"
          />
        </label>
      </div>
    </div>
    <div
      class="single-checkbox"
    >
      <label
        for="coastline"
      >
        coastline
      </label>
      <div>
        <label>
          <input
            name="coastline"
            type="checkbox"
            value="coastline"
          />
        </label>
      </div>
    </div>
    <div
      class="single-checkbox"
    >
      <label
        for="desert"
      >
        desert
      </label>
      <div>
        <label>
          <input
            name="desert"
            type="checkbox"
            value="desert"
          />
        </label>
      </div>
    </div>
    <div
      class="single-checkbox"
    >
      <label
        for="forest"
      >
        forest
      </label>
      <div>
        <label>
          <input
            name="forest"
            type="checkbox"
            value="forest"
          />
        </label>
      </div>
    </div>
    <div
      class="single-checkbox"
    >
      <label
        for="grasslands"
      >
        grasslands
      </label>
      <div>
        <label>
          <input
            name="grasslands"
            type="checkbox"
            value="grasslands"
          />
        </label>
      </div>
    </div>
    <div
      class="single-checkbox"
    >
      <label
        for="lake"
      >
        lake
      </label>
      <div>
        <label>
          <input
            name="lake"
            type="checkbox"
            value="lake"
          />
        </label>
      </div>
    </div>
    <div
      class="single-checkbox"
    >
      <label
        for="mountains"
      >
        mountains
      </label>
      <div>
        <label>
          <input
            name="mountains"
            type="checkbox"
            value="mountains"
          />
        </label>
      </div>
    </div>
    <div
      class="single-checkbox"
    >
      <label
        for="swamp"
      >
        swamp
      </label>
      <div>
        <label>
          <input
            name="swamp"
            type="checkbox"
            value="swamp"
          />
        </label>
      </div>
    </div>
    <div
      class="single-checkbox"
    >
      <label
        for="river"
      >
        river
      </label>
      <div>
        <label>
          <input
            name="river"
            type="checkbox"
            value="river"
          />
        </label>
      </div>
    </div>
    <div
      class="single-checkbox"
    >
      <label
        for="urban"
      >
        urban
      </label>
      <div>
        <label>
          <input
            name="urban"
            type="checkbox"
            value="urban"
          />
        </label>
      </div>
    </div>
  </div>
</DocumentFragment>
`;
