// Jest Snapshot v1, https://goo.gl/fbAQLP

exports[`matches snapshot 1`] = `
<DocumentFragment>
  <div>
    <div
      class="form-check form-check-inline"
    >
      <div>
        <input
          class="form-check-input"
          id="flexCheckDefault"
          name="canyon"
          type="checkbox"
          value="canyon"
        />
        <label>
          canyon
        </label>
      </div>
    </div>
    <div
      class="form-check form-check-inline"
    >
      <div>
        <input
          class="form-check-input"
          id="flexCheckDefault"
          name="coastline"
          type="checkbox"
          value="coastline"
        />
        <label>
          coastline
        </label>
      </div>
    </div>
    <div
      class="form-check form-check-inline"
    >
      <div>
        <input
          class="form-check-input"
          id="flexCheckDefault"
          name="desert"
          type="checkbox"
          value="desert"
        />
        <label>
          desert
        </label>
      </div>
    </div>
    <div
      class="form-check form-check-inline"
    >
      <div>
        <input
          class="form-check-input"
          id="flexCheckDefault"
          name="forest"
          type="checkbox"
          value="forest"
        />
        <label>
          forest
        </label>
      </div>
    </div>
    <div
      class="form-check form-check-inline"
    >
      <div>
        <input
          class="form-check-input"
          id="flexCheckDefault"
          name="grasslands"
          type="checkbox"
          value="grasslands"
        />
        <label>
          grasslands
        </label>
      </div>
    </div>
    <div
      class="form-check form-check-inline"
    >
      <div>
        <input
          class="form-check-input"
          id="flexCheckDefault"
          name="lake"
          type="checkbox"
          value="lake"
        />
        <label>
          lake
        </label>
      </div>
    </div>
    <div
      class="form-check form-check-inline"
    >
      <div>
        <input
          class="form-check-input"
          id="flexCheckDefault"
          name="mountains"
          type="checkbox"
          value="mountains"
        />
        <label>
          mountains
        </label>
      </div>
    </div>
    <div
      class="form-check form-check-inline"
    >
      <div>
        <input
          class="form-check-input"
          id="flexCheckDefault"
          name="swamp"
          type="checkbox"
          value="swamp"
        />
        <label>
          swamp
        </label>
      </div>
    </div>
    <div
      class="form-check form-check-inline"
    >
      <div>
        <input
          class="form-check-input"
          id="flexCheckDefault"
          name="river"
          type="checkbox"
          value="river"
        />
        <label>
          river
        </label>
      </div>
    </div>
    <div
      class="form-check form-check-inline"
    >
      <div>
        <input
          class="form-check-input"
          id="flexCheckDefault"
          name="urban"
          type="checkbox"
          value="urban"
        />
        <label>
          urban
        </label>
      </div>
    </div>
  </div>
</DocumentFragment>
`;
