// Jest Snapshot v1, https://goo.gl/fbAQLP

exports[`matches snapshot 1`] = `
<DocumentFragment>
  <div>
    <div
      class="container text-center"
      id="app-name"
    >
      <h1>
        NATIONAL SCENIC BYWAYS
      </h1>
    </div>
    <p>
      the code don't work
    </p>
  </div>
</DocumentFragment>
`;
