// Jest Snapshot v1, https://goo.gl/fbAQLP

exports[`matches snapshot 1`] = `
<DocumentFragment>
  <div>
    <div
      class="container text-center"
      id="app-name"
    >
      <a
        class="link-offset-2 link-underline link-underline-opacity-0 homepage-link"
        href="/"
      >
        <h1>
          NATIONAL SCENIC BYWAYS
        </h1>
      </a>
    </div>
    <p>
      the code don't work
    </p>
  </div>
</DocumentFragment>
`;
